// Jest Snapshot v1, https://goo.gl/fbAQLP

exports[`RetroForm should match the snapshot 1`] = `
<DocumentFragment>
  <div
    class="retro-form z-50"
  >
    <div
      class="retro-form-content"
    >
      <div
        class="retro-form-title"
      >
        <div
          class="retro-form-title-left"
        >
          <input
            class="title-input"
            data-testid="retro-title"
            placeholder="Retro Board Title"
            type="text"
          />
        </div>
        <button
          class="cancel-button"
          data-testid="cancel-button"
          type="button"
        >
          <svg
            aria-hidden="true"
            class="MuiSvgIcon-root MuiSvgIcon-fontSizeMedium css-1ha5wk2-MuiSvgIcon-root"
            data-testid="CloseRoundedIcon"
            focusable="false"
            viewBox="0 0 24 24"
          >
            <path
              d="M18.3 5.71a.9959.9959 0 0 0-1.41 0L12 10.59 7.11 5.7a.9959.9959 0 0 0-1.41 0c-.39.39-.39 1.02 0 1.41L10.59 12 5.7 16.89c-.39.39-.39 1.02 0 1.41.39.39 1.02.39 1.41 0L12 13.41l4.89 4.89c.39.39 1.02.39 1.41 0 .39-.39.39-1.02 0-1.41L13.41 12l4.89-4.89c.38-.38.38-1.02 0-1.4z"
            />
          </svg>
        </button>
      </div>
      <div
        class="retro-form-body"
      >
        <div
          class="label-container"
        >
          <label
            class="upload-image"
            for="input-tag"
          >
            <div
              class="upload-images"
            >
              <svg
                aria-hidden="true"
                class="MuiSvgIcon-root MuiSvgIcon-fontSizeLarge css-tzssek-MuiSvgIcon-root"
                data-testid="FileUploadIcon"
                focusable="false"
                viewBox="0 0 24 24"
              >
                <path
                  d="M9 16h6v-6h4l-7-7-7 7h4zm-4 2h14v2H5z"
                />
              </svg>
              <h2
                data-testid="retro-form"
              >
                Upload Retro Board Images
              </h2>
              <input
                id="input-tag"
                type="file"
              />
            </div>
          </label>
        </div>
        <div
          class="retro-form-body-right"
        >
          <h1>
            ACTION ITEMS
          </h1>
          <button
            type="submit"
          >
            + Add an item
          </button>
          <ul
            class="action-lists"
            data-testid="action-lists"
          />
        </div>
      </div>
      <div
        class="flex justify-end"
      >
        <button
          class="rounded-3xl border-2 text-sm bg-button-hover text-white hover:font-bold w-36 h-10 mr-10"
          data-testid="submit-button"
          type="submit"
        >
          Submit
        </button>
      </div>
    </div>
  </div>
</DocumentFragment>
`;
